// Vitest Snapshot v1, https://vitest.dev/guide/snapshot.html

exports[`HomePage > matches snapshot 1`] = `
<DocumentFragment>
  <section
    class="flex flex-row gap-2 p-4"
  >
    <div
      data-testid="sort-and-filter-panel"
    />
    <div
      data-testid="search-bar"
    />
  </section>
  <div
    data-testid="movie-list"
  />
</DocumentFragment>
`;
